InformationStruct {
    username: "river",
    hostname: "desktop-s5lkjhl",
    os_name: "Arch Linux",
    os_ver: "Unknown System Version",
    kernel_ver: "5.15.79.1-microsoft-standard-WSL2",
    uptime: 39416,
    shell: "zsh",
    _terminal: "Unknown Terminal",
    cpu: "Intel(R) Core(TM) i5-8400 CPU @ 2.80GHz",
    _gpu: "Unknown GPU",
    _memory: "Unknown memory",
    icon: '\u{f303}',
    color: "bright cyan",
}